../Core/Inc/Q3.h:25:6:LED_GREEN_1_on	8	static
../Core/Inc/Q3.h:30:6:LED_GREEN_1_off	8	static
../Core/Inc/Q3.h:33:6:LED_RED_1_on	8	static
../Core/Inc/Q3.h:38:6:LED_RED_1_off	8	static
../Core/Inc/Q3.h:41:6:LED_YELLOW_1_on	8	static
../Core/Inc/Q3.h:46:6:LED_YELLOW_1_off	8	static
../Core/Inc/Q3.h:51:6:lane1	8	static
../Core/Inc/Q3.h:77:6:LED_GREEN_2_on	8	static
../Core/Inc/Q3.h:82:6:LED_GREEN_2_off	8	static
../Core/Inc/Q3.h:85:6:LED_RED_2_on	8	static
../Core/Inc/Q3.h:90:6:LED_RED_2_off	8	static
../Core/Inc/Q3.h:93:6:LED_YELLOW_2_on	8	static
../Core/Inc/Q3.h:98:6:LED_YELLOW_2_off	8	static
../Core/Inc/Q3.h:103:6:lane2	8	static
../Core/Inc/Q3.h:129:6:create_state_q3	8	static
../Core/Inc/Q3.h:139:6:q3_run	8	static
../Core/Src/main.c:68:5:main	8	static
../Core/Src/main.c:118:6:SystemClock_Config	72	static
../Core/Src/main.c:155:13:MX_GPIO_Init	32	static
../Core/Src/main.c:209:6:Error_Handler	4	static,ignoring_inline_asm
