../Core/Inc/Q5.h:192:6:test_sequence	16	static
../Core/Inc/Q5.h:199:6:turn_on_all_led	16	static
../Core/Inc/Q5.h:204:6:setNumberOnClock	16	static
../Core/Inc/Q5.h:208:6:clearNumberOnClock	16	static
../Core/Inc/Q5.h:212:6:clearAllClock	16	static
../Core/Inc/Q5.h:226:6:create_state	8	static
../Core/Inc/Q5.h:234:6:update_clock	16	static
../Core/Inc/Q5.h:253:6:ex10	8	static
../Core/Src/main.c:67:5:main	8	static
../Core/Src/main.c:125:6:SystemClock_Config	72	static
../Core/Src/main.c:162:13:MX_GPIO_Init	32	static
../Core/Src/main.c:216:6:Error_Handler	4	static,ignoring_inline_asm
