20:31:18 **** Incremental Build of configuration Debug for project source_code ****
make -j16 all 
arm-none-eabi-gcc "../Core/Src/main.c" -mcpu=cortex-m3 -std=gnu11 -g3 -DDEBUG -DUSE_HAL_DRIVER -DSTM32F103x6 -c -I../Core/Inc -I../Drivers/STM32F1xx_HAL_Driver/Inc/Legacy -I../Drivers/STM32F1xx_HAL_Driver/Inc -I../Drivers/CMSIS/Device/ST/STM32F1xx/Include -I../Drivers/CMSIS/Include -O0 -ffunction-sections -fdata-sections -Wall -fstack-usage -fcyclomatic-complexity -MMD -MP -MF"Core/Src/main.d" -MT"Core/Src/main.o" --specs=nano.specs -mfloat-abi=soft -mthumb -o "Core/Src/main.o"
arm-none-eabi-gcc -o "source_code.elf" @"objects.list"   -mcpu=cortex-m3 -T"D:\git_workspace\lab1\source_code\STM32F103C6TX_FLASH.ld" --specs=nosys.specs -Wl,-Map="source_code.map" -Wl,--gc-sections -static --specs=nano.specs -mfloat-abi=soft -mthumb -Wl,--start-group -lc -lm -Wl,--end-group
Finished building target: source_code.elf
 
arm-none-eabi-size  source_code.elf 
arm-none-eabi-objdump -h -S source_code.elf  > "source_code.list"
   text	   data	    bss	    dec	    hex	filename
   4936	     12	   1580	   6528	   1980	source_code.elf
Finished building: default.size.stdout
 
Finished building: source_code.list
 
